Traceback (most recent call last):
  File "testScrapy.py", line 24, in <module>
    asn=j['id']
TypeError: 'NoneType' object is not subscriptable
